../Core/Src/main.c:95:6:check_pass	16	static
../Core/Src/main.c:105:6:delay	16	static
../Core/Src/main.c:181:5:main	176	static
../Core/Src/main.c:452:6:SystemClock_Config	88	static
../Core/Src/main.c:495:13:MX_ADC1_Init	48	static
../Core/Src/main.c:554:13:MX_I2C1_Init	8	static
../Core/Src/main.c:588:13:MX_I2C2_Init	8	static
../Core/Src/main.c:622:13:MX_TIM1_Init	32	static
../Core/Src/main.c:666:13:MX_DMA_Init	16	static
../Core/Src/main.c:684:13:MX_GPIO_Init	40	static
../Core/Src/main.c:767:6:Error_Handler	4	static,ignoring_inline_asm
